
> react-kavia@0.1.0 start
> react-scripts start

(node:502) [DEP_WEBPACK_DEV_SERVER_ON_AFTER_SETUP_MIDDLEWARE] DeprecationWarning: 'onAfterSetupMiddleware' option is deprecated. Please use the 'setupMiddlewares' option.
(Use `node --trace-deprecation ...` to show where the warning was created)
(node:502) [DEP_WEBPACK_DEV_SERVER_ON_BEFORE_SETUP_MIDDLEWARE] DeprecationWarning: 'onBeforeSetupMiddleware' option is deprecated. Please use the 'setupMiddlewares' option.
Starting the development server...

Compiled successfully!

You can now view react-kavia in the browser.

  Local:            http://localhost:3000
  On Your Network:  http://172.17.0.2:3000

Note that the development build is not optimized.
To create a production build, use npm run build.

webpack compiled successfully
Compiling...
Failed to compile.

Module not found: Error: Can't resolve '@stripe/stripe-js' in '/home/kavia/workspace/code-generation/shopease-106628-245d1054/shopease/src'
ERROR in ./src/App.js 15:0-47
Module not found: Error: Can't resolve '@stripe/stripe-js' in '/home/kavia/workspace/code-generation/shopease-106628-245d1054/shopease/src'

ERROR in ./src/App.js 16:0-51
Module not found: Error: Can't resolve '@stripe/react-stripe-js' in '/home/kavia/workspace/code-generation/shopease-106628-245d1054/shopease/src'

ERROR in ./src/components/Checkout.js 7:0-78
Module not found: Error: Can't resolve '@stripe/react-stripe-js' in '/home/kavia/workspace/code-generation/shopease-106628-245d1054/shopease/src/components'

webpack compiled with 3 errors
